// Jest Snapshot v1, https://goo.gl/fbAQLP

exports[`Auth renders correctly 1`] = `
<DocumentFragment>
  <div
    class="container-sm mt-5"
    style="padding: 10em 0px;"
  >
    <form
      class="row d-flex justify-content-center col-lg-4 offset-lg-4 shadow-sm p-5 rounded needs-validation"
    >
      <div
        class="form-outline"
      >
        <input
          class="form-control form-control-lg"
          id="login"
          required=""
          type="text"
          value=""
        />
        <label
          class="form-label"
          for="login"
        >
          Логин
        </label>
      </div>
      <div
        class="form-outline"
      >
        <input
          class="form-control form-control-lg"
          id="password"
          required=""
          type="password"
          value=""
        />
        <label
          class="form-label"
          for="password"
        >
          Пароль
        </label>
      </div>
      <button
        class="btn btn-primary w-50 btn btn-primary"
        type="submit"
      >
        Войти
      </button>
      <div
        class="text-center"
      >
        <button
          class="btn btn-link"
          type="button"
        >
          Нет аккаунта?
        </button>
      </div>
    </form>
  </div>
</DocumentFragment>
`;
