// Jest Snapshot v1, https://goo.gl/fbAQLP

exports[`Footer profile component should be rendered correctly Footer component default 1`] = `
<DocumentFragment>
  <footer
    class="footer"
  >
    <button
      class="btn btn-link"
      type="button"
    >
      Изменить данные
    </button>
    <button
      class="btn btn-link"
      type="button"
    >
      Изменить пароль
    </button>
    <button
      class="danger btn btn-link"
      type="button"
    >
      Выйти
    </button>
  </footer>
</DocumentFragment>
`;
