// Jest Snapshot v1, https://goo.gl/fbAQLP

exports[`renders correctly 1`] = `
<DocumentFragment>
  <div
    class="container-md overflow-auto mt-5 w-50 h-auto container"
  >
    <div
      class="h3 pb-3"
    >
      LeaderBoard
    </div>
    <table
      class="pb-3 table table-striped table-md table-striped table-bordered table-hover"
    >
      <thead>
        <tr>
          <th>
            #
          </th>
          <th>
            Имя
          </th>
          <th>
            Рейтинг
          </th>
        </tr>
      </thead>
      <tbody>
        <tr>
          <td>
            1
          </td>
          <td>
            User
          </td>
          <td>
            1
          </td>
        </tr>
        <tr>
          <td>
            2
          </td>
          <td>
            Jane
          </td>
          <td>
            2
          </td>
        </tr>
        <tr>
          <td>
            3
          </td>
          <td>
            James
          </td>
          <td>
            7
          </td>
        </tr>
        <tr>
          <td>
            4
          </td>
          <td>
            Luis
          </td>
          <td>
            10
          </td>
        </tr>
      </tbody>
    </table>
    <ul
      class="w-25 pagination pagination-sm"
    >
      <li
        class="page-item active"
      >
        <span
          class="page-link"
        >
          1
          <span
            class="visually-hidden"
          >
            (current)
          </span>
        </span>
      </li>
      <li
        class="page-item"
      >
        <a
          class="page-link"
          href="#"
          role="button"
          tabindex="0"
        >
          2
        </a>
      </li>
      <li
        class="page-item"
      >
        <a
          class="page-link"
          href="#"
          role="button"
          tabindex="0"
        >
          3
        </a>
      </li>
      <li
        class="page-item"
      >
        <a
          class="page-link"
          href="#"
          role="button"
          tabindex="0"
        >
          4
        </a>
      </li>
      <li
        class="page-item"
      >
        <a
          class="page-link"
          href="#"
          role="button"
          tabindex="0"
        >
          5
        </a>
      </li>
      <li
        class="page-item"
      >
        <a
          class="page-link"
          href="#"
          role="button"
          tabindex="0"
        >
          6
        </a>
      </li>
      <li
        class="page-item"
      >
        <a
          class="page-link"
          href="#"
          role="button"
          tabindex="0"
        >
          7
        </a>
      </li>
      <li
        class="page-item"
      >
        <a
          class="page-link"
          href="#"
          role="button"
          tabindex="0"
        >
          8
        </a>
      </li>
      <li
        class="page-item"
      >
        <a
          class="page-link"
          href="#"
          role="button"
          tabindex="0"
        >
          9
        </a>
      </li>
      <li
        class="page-item"
      >
        <a
          class="page-link"
          href="#"
          role="button"
          tabindex="0"
        >
          10
        </a>
      </li>
    </ul>
  </div>
</DocumentFragment>
`;
