// Jest Snapshot v1, https://goo.gl/fbAQLP

exports[`FormGroup should be rendered correctly FormGroup component default 1`] = `
<DocumentFragment>
  <div
    class="mb-3"
  >
    <label
      class="form-label"
      for="default"
    >
      Default
    </label>
    <input
      class="form-control"
      id="default"
      name="default"
      type="text"
      value=""
    />
  </div>
</DocumentFragment>
`;
