// Jest Snapshot v1, https://goo.gl/fbAQLP

exports[`PlayerInfo should be rendered correctly PlayerInfo component default 1`] = `
<DocumentFragment>
  <div
    class="player-info"
  >
    <div
      class="group"
    >
      <span>
        Имя
      </span>
      <span>
        Иван
      </span>
    </div>
    <div
      class="group"
    >
      <span>
        Фамилия
      </span>
      <span>
        Иванов
      </span>
    </div>
    <div
      class="group"
    >
      <span>
        Имя профиля
      </span>
      <span>
        Иванушка
      </span>
    </div>
    <div
      class="group"
    >
      <span>
        Логин
      </span>
      <span>
        ivanovv
      </span>
    </div>
    <div
      class="group"
    >
      <span>
        Почта
      </span>
      <span>
        ivanov@yandex.ru
      </span>
    </div>
    <div
      class="group"
    >
      <span>
        Телефон
      </span>
      <span>
        89999999999
      </span>
    </div>
  </div>
</DocumentFragment>
`;
